<html>
<body>
<pre>
<h1>礦ision Build Log</h1>
<h2>Project:</h2>
E:\GitHub\The-Job\药盒V0.1-低功耗_RTC_外部按键\药盒V0.1-低功耗_RTC_外部按键\USER\Haohai_key.uvproj
Project File Date:  03/27/2015

<h2>Output:</h2>
compiling main.c...
main.c(165): warning:  #167-D: argument of type "u8 *" is incompatible with parameter of type "char *restrict"
main.c(166): warning:  #167-D: argument of type "u8 *" is incompatible with parameter of type "const char *restrict"
"main.c" - 0 Errors, 2 Warning(s).
Build target 'Target 1'
linking...
..\OBJ\Haohai_key.axf: Error: L6200E: Symbol RTC_IRQHandler multiply defined (by rtc.o and main.o).
"..\OBJ\Haohai_key.axf" - 1 Errors, 0 Warning(s).
Target not created
compiling main.c...
main.c(165): warning:  #167-D: argument of type "u8 *" is incompatible with parameter of type "char *restrict"
main.c(166): warning:  #167-D: argument of type "u8 *" is incompatible with parameter of type "const char *restrict"
"main.c" - 0 Errors, 2 Warning(s).
Build target 'Target 1'
compiling rtc.c...
linking...
Program Size: Code=7832 RO-data=360 RW-data=72 ZI-data=1648  
FromELF: creating hex file...
"..\OBJ\Haohai_key.axf" - 0 Errors, 0 Warning(s).
Load "..\\OBJ\\Haohai_key.axf" 
Set JLink Project File to "E:\GitHub\The-Job\药盒V0.1-低功耗_RTC_外部按键\药盒V0.1-低功耗_RTC_外部按键\USER\JLinkSettings.ini"
* JLink Info: Device "STM32F103RC" selected (256 KB flash, 48 KB RAM).
 
JLink info:
------------
DLL: V4.74b, compiled Aug 19 2013 23:26:44
Firmware: J-Link V9 compiled Dec 19 2014 16:50:53
Hardware: V9.20
Feature(s) : GDB, RDI, FlashBP, FlashDL, JFlash 
 
* JLink Info: TotalIRLen = 9, IRPrint = 0x0011
* JLink Info: TotalIRLen = 9, IRPrint = 0x0011
* JLink Info: Found Cortex-M3 r1p1, Little endian.
* JLink Info: TPIU fitted.
* JLink Info: ETM fitted.
* JLink Info: FPUnit: 6 code (BP) slots and 2 literal slots
ROMTableAddr = 0xE00FF003
* JLink Info: Found Cortex-M3 r1p1, Little endian.
* JLink Info: TPIU fitted.
* JLink Info: ETM fitted.
* JLink Info: FPUnit: 6 code (BP) slots and 2 literal slots
 
Target info:
------------
Device: STM32F103RC
VTarget = 3.301V
State of Pins: 
TCK: 1, TDI: 0, TDO: 1, TMS: 0, TRES: 1, TRST: 1
Hardware-Breakpoints: 6
Software-Breakpoints: 8192
Watchpoints:          4
JTAG speed: 5000 kHz
 
Full Chip Erase Done.
Programming Done.
Verify OK.
* JLink Info: Found Cortex-M3 r1p1, Little endian.
* JLink Info: TPIU fitted.
* JLink Info: ETM fitted.
* JLink Info: FPUnit: 6 code (BP) slots and 2 literal slots
Application running ...
