<html>
<body>
<pre>
<h1>µVision Build Log</h1>
<h2>Project:</h2>
E:\STM32_program\Haohai_key\USER\Haohai_key.uvproj
Project File Date:  01/12/2015

<h2>Output:</h2>
Build target 'Target 1'
compiling main.c...
compiling timer.c...
linking...
Program Size: Code=8328 RO-data=336 RW-data=60 ZI-data=1860  
FromELF: creating hex file...
"..\OBJ\Haohai_key.axf" - 0 Error(s), 0 Warning(s).
s.
Not enough information to list the image map.
Finished: 2 information, 0 warning and 1 error messages.
"..\OBJ\Haohai_key.axf" - 1 Error(s), 0 Warning(s).
Target not created
ist image symbols.
Not enough information to list the image map.
Finished: 2 information, 0 warning and 1 error messages.
"..\OBJ\Haohai_key.axf" - 1 Error(s), 2 Warning(s).
Target not created
..
compiling stm32f10x_usart.c...
linking...
..\OBJ\Haohai_key.axf: Error: L6200E: Symbol TIM3_IRQHandler multiply defined (by timer.o and main.o).
Not enough information to list image symbols.
Not enough information to list the image map.
Finished: 2 information, 0 warning and 1 error messages.
"..\OBJ\Haohai_key.axf" - 1 Error(s), 2 Warning(s).
Target not created
