<html>
<body>
<pre>
<h1>礦ision Build Log</h1>
<h2>Project:</h2>
E:\STM32_program\药盒V0.1\USER\Haohai_key.uvproj
Project File Date:  03/26/2015

<h2>Output:</h2>
Build target 'Target 1'
compiling main.c...
main.c(132): warning:  #167-D: argument of type "u8 *" is incompatible with parameter of type "char *restrict"
                sprintf(Time_Data,"%d/%d/%d-%d:%d\r\n",calendar.w_year,calendar.w_month,calendar.w_date,calendar.hour,calendar.min);
main.c(133): warning:  #167-D: argument of type "u8 *" is incompatible with parameter of type "const char *restrict"
                printf(Time_Data);
main.c: 2 warnings, 0 errors
linking...
Program Size: Code=7668 RO-data=360 RW-data=72 ZI-data=1872  
FromELF: creating hex file...
"..\OBJ\Haohai_key.axf" - 0 Error(s), 2 Warning(s).
</pre>
</body>
</html>
axf" 
Set JLink Project File to "E:\STM32_program\药盒V0.1\USER\JLinkSettings.ini"
* JLink Info: Device "STM32F103RC" selected (256 KB flash, 48 KB RAM).
 
JLink info:
------------
DLL: V4.80g, compiled Feb 13 2014 20:50:02
Firmware: J-Link V9 compiled Dec 19 2014 16:50:53
Hardware: V9.20
Feature(s) : GDB, RDI, FlashBP, FlashDL, JFlash 
 
* JLink Info: TotalIRLen = 9, IRPrint = 0x0011
* JLink Info: TotalIRLen = 9, IRPrint = 0x0011
* JLink Info: Found Cortex-M3 r1p1, Little endian.
* JLink Info: FPUnit: 6 code (BP) slots and 2 literal slots
* JLink Info: TPIU fitted.
* JLink Info: ETM fitted.
ROMTableAddr = 0xE00FF003
 
Target info:
------------
Device: STM32F103RC
VTarget = 3.308V
State of Pins: 
TCK: 1, TDI: 0, TDO: 1, TMS: 0, TRES: 1, TRST: 1
Hardware-Breakpoints: 6
Software-Breakpoints: 8192
Watchpoints:          4
JTAG speed: 2000 kHz
 
Erase Done.
Programming Done.
Verify OK.
compiling main.c...
main.c(112): warning:  #167-D: argument of type "u8 *" is incompatible with parameter of type "char *restrict"
                sprintf(Time_Data,"%d/%d/%d-%d:%d\r\n",calendar.w_year,calendar.w_month,calendar.w_date,calendar.hour,calendar.min);
main.c(113): warning:  #167-D: argument of type "u8 *" is incompatible with parameter of type "const char *restrict"
                printf(Time_Data);
main.c: 2 warnings, 0 errors
"main.c" - 0 Error(s), 2 Warning(s).
itted.
ROMTableAddr = 0xE00FF003
 
Target info:
------------
Device: STM32F103RC
VTarget = 3.295V
State of Pins: 
TCK: 0, TDI: 1, TDO: 1, TMS: 1, TRES: 1, TRST: 1
Hardware-Breakpoints: 6
Software-Breakpoints: 8192
Watchpoints:          4
JTAG speed: 2000 kHz
 
Erase Failed!
Error: Flash Download failed  -  "Cortex-M3"
Load "..\\OBJ\\Haohai_key.axf" 
Set JLink Project File to "E:\STM32_program\药盒V0.1\USER\JLinkSettings.ini"
* JLink Info: Device "STM32F103RC" selected (256 KB flash, 48 KB RAM).
 
JLink info:
------------
DLL: V4.80g, compiled Feb 13 2014 20:50:02
Firmware: J-Link V9 compiled Dec 19 2014 16:50:53
Hardware: V9.20
Feature(s) : GDB, RDI, FlashBP, FlashDL, JFlash 
 
* JLink Info: TotalIRLen = 9, IRPrint = 0x0011
* JLink Info: TotalIRLen = 9, IRPrint = 0x0011
* JLink Info: Found Cortex-M3 r1p1, Little endian.
* JLink Info: FPUnit: 6 code (BP) slots and 2 literal slots
* JLink Info: TPIU fitted.
* JLink Info: ETM fitted.
ROMTableAddr = 0xE00FF003
 
Target info:
------------
Device: STM32F103RC
VTarget = 3.296V
State of Pins: 
TCK: 1, TDI: 0, TDO: 1, TMS: 0, TRES: 1, TRST: 1
Hardware-Breakpoints: 6
Software-Breakpoints: 8192
Watchpoints:          4
JTAG speed: 2000 kHz
 
Erase Done.
Programming Done.
Verify OK.
Load "..\\OBJ\\Haohai_key.axf" 
Set JLink Project File to "E:\STM32_program\药盒V0.1\USER\JLinkSettings.ini"
* JLink Info: Device "STM32F103RC" selected (256 KB flash, 48 KB RAM).
 
JLink info:
------------
DLL: V4.80g, compiled Feb 13 2014 20:50:02
Firmware: J-Link V9 compiled Dec 19 2014 16:50:53
Hardware: V9.20
Feature(s) : GDB, RDI, FlashBP, FlashDL, JFlash 
 
* JLink Info: TotalIRLen = 9, IRPrint = 0x0011
* JLink Info: TotalIRLen = 9, IRPrint = 0x0011
* JLink Info: Found Cortex-M3 r1p1, Little endian.
* JLink Info: FPUnit: 6 code (BP) slots and 2 literal slots
* JLink Info: TPIU fitted.
* JLink Info: ETM fitted.
ROMTableAddr = 0xE00FF003
 
Target info:
------------
Device: STM32F103RC
VTarget = 3.296V
State of Pins: 
TCK: 1, TDI: 0, TDO: 1, TMS: 0, TRES: 1, TRST: 1
Hardware-Breakpoints: 6
Software-Breakpoints: 8192
Watchpoints:          4
JTAG speed: 2000 kHz
 
Erase Done.
Programming Done.
Verify OK.
_WaitForLastTask" declared implicitly
        RTC_WaitForLastTask();  //等待最近一次对RTC寄存器的写操作完成   
..\HARDWARE\RTC\rtc.c(162): warning:  #223-D: function "RTC_GetCounter" declared implicitly
    timecount=RTC_GetCounter();  
..\HARDWARE\RTC\rtc.c: 21 warnings, 6 errors
"..\OBJ\Haohai_key.axf" - 6 Error(s), 21 Warning(s).
Target not created
RE\RTC\rtc.c(161): warning:  #223-D: function "RTC_GetCounter" declared implicitly
    timecount=RTC_GetCounter();  
..\HARDWARE\RTC\rtc.c: 21 warnings, 6 errors
compiling delay.c...
compiling sys.c...
compiling usart.c...
compiling core_cm3.c...
compiling misc.c...
compiling stm32f10x_gpio.c...
compiling stm32f10x_rcc.c...
compiling stm32f10x_tim.c...
compiling stm32f10x_usart.c...
compiling stm32f10x_rtc.c...
compiling stm32f10x_bkp.c...
"..\OBJ\Haohai_key.axf" - 6 Error(s), 22 Warning(s).
Target not created

